[2026-04-23T07:18:05.321Z] Express error
Error: 不能删除最后一个管理员账号
    at /workspace/src/routes/api.js:174:20
    at /workspace/store.js:42:26
    at async /workspace/src/routes/api.js:168:5

[2026-04-23T07:24:12.631Z] Express error
Error: 不能删除最后一个管理员账号
    at /workspace/src/routes/api.js:174:20
    at /workspace/store.js:42:26
    at async /workspace/src/routes/api.js:168:5

[2026-04-23T07:27:30.498Z] Express error
Error: 不能删除最后一个管理员账号
    at /workspace/src/routes/api.js:174:20
    at /workspace/store.js:42:26
    at async /workspace/src/routes/api.js:168:5

[2026-04-23T07:29:22.374Z] Express error
Error: 不能删除最后一个管理员账号
    at /workspace/src/routes/api.js:174:20
    at /workspace/store.js:42:26
    at async /workspace/src/routes/api.js:168:5

[2026-04-23T07:30:27.306Z] Express error
Error: 不能删除最后一个管理员账号
    at /workspace/src/routes/api.js:174:20
    at /workspace/store.js:42:26
    at async /workspace/src/routes/api.js:168:5

[2026-04-23T07:39:45.964Z] Express error
Error: 不能删除最后一个管理员账号
    at /workspace/src/routes/api.js:174:20
    at /workspace/store.js:42:26
    at async /workspace/src/routes/api.js:168:5

[2026-04-23T07:39:59.695Z] Express error
Error: 不能删除最后一个管理员账号
    at /workspace/src/routes/api.js:174:20
    at /workspace/store.js:42:26
    at async /workspace/src/routes/api.js:168:5

[2026-04-23T07:40:19.539Z] Express error
Error: 不能删除最后一个管理员账号
    at /workspace/src/routes/api.js:174:20
    at /workspace/store.js:42:26
    at async /workspace/src/routes/api.js:168:5

[2026-04-23T07:40:56.803Z] Express error
Error: 不能删除最后一个管理员账号
    at /workspace/src/routes/api.js:174:20
    at /workspace/store.js:42:26
    at async /workspace/src/routes/api.js:168:5

[2026-04-23T07:41:05.944Z] Express error
Error: 不能删除最后一个管理员账号
    at /workspace/src/routes/api.js:174:20
    at /workspace/store.js:42:26
    at async /workspace/src/routes/api.js:168:5

[2026-04-23T07:51:26.004Z] Express error
Error: 不能删除最后一个管理员账号
    at /workspace/src/routes/api.js:174:20
    at /workspace/store.js:42:26
    at async /workspace/src/routes/api.js:168:5

[2026-04-24T05:44:03.174Z] Express error
Error: 已经收藏过了
    at /workspace/src/routes/api.js:206:19
    at /workspace/store.js:42:26

[2026-04-24T06:00:53.349Z] Express error
Error: 已经收藏过了
    at /workspace/src/routes/api.js:206:19
    at /workspace/store.js:42:26

[2026-04-24T06:02:09.967Z] Express error
Error: 消息不存在或已被撤回
    at /workspace/src/routes/api.js:210:19
    at /workspace/store.js:42:26

[2026-04-24T06:02:20.196Z] Express error
Error: 消息不存在或已被撤回
    at /workspace/src/routes/api.js:210:19
    at /workspace/store.js:42:26

[2026-04-24T06:10:21.573Z] Express error
Error: 消息不存在或已被撤回
    at /workspace/src/routes/api.js:210:19
    at /workspace/store.js:42:26

[2026-04-24T06:10:40.098Z] Express error
Error: 消息不存在或已被撤回
    at /workspace/src/routes/api.js:210:19
    at /workspace/store.js:42:26

